<html>
<body>
<pre>
<h1>µVision Build Log</h1>
<h2>Tool Versions:</h2>
IDE-Version: ¦ÌVision V5.24.2.0
Copyright (C) 2017 ARM Ltd and ARM Germany GmbH. All rights reserved.
License Information: 1 1, 1, LIC=PE7DL-0IL9S-NNHAF-64CP9-N10VX-KZPU5
 
Tool Versions:
Toolchain:       MDK-ARM Plus  Version: 5.24.1
Toolchain Path:  D:\Keil_v5\ARM\ARMCC\Bin
C Compiler:      Armcc.exe V5.06 update 5 (build 528)
Assembler:       Armasm.exe V5.06 update 5 (build 528)
Linker/Locator:  ArmLink.exe V5.06 update 5 (build 528)
Library Manager: ArmAr.exe V5.06 update 5 (build 528)
Hex Converter:   FromElf.exe V5.06 update 5 (build 528)
CPU DLL:         SARMCM3.DLL V5.24.1
Dialog DLL:      DCM.DLL V1.16.0.0
Target DLL:      CMSIS_AGDI.dll V1.28.3.0
Dialog DLL:      TCM.DLL V1.32.0.0
 
<h2>Project:</h2>
C:\Users\ttbstt\Desktop\stm32\HAL\sanlun_robomaster\MDK-ARM\sanlun_robomaster.uvprojx
Project File Date:  03/27/2026

<h2>Output:</h2>
*** Using Compiler 'V5.06 update 5 (build 528)', folder: 'D:\Keil_v5\ARM\ARMCC\Bin'
Rebuild target 'sanlun_robomaster'
assembling startup_stm32f407xx.s...
compiling stm32f4xx_hal_pcd.c...
compiling servo.c...
compiling stm32f4xx_it.c...
compiling tim.c...
compiling stm32f4xx_hal_msp.c...
compiling main.c...
compiling freertos.c...
compiling usart.c...
compiling BMI088driver.c...
compiling sbus.c...
compiling stm32f4xx_hal_pcd_ex.c...
compiling stm32f4xx_hal_timebase_tim.c...
compiling stm32f4xx_hal_tim.c...
compiling stm32f4xx_hal_tim_ex.c...
compiling BMI088Middleware.c...
compiling stm32f4xx_ll_usb.c...
compiling stm32f4xx_hal_rcc.c...
compiling stm32f4xx_hal_dma.c...
compiling stm32f4xx_hal_rcc_ex.c...
compiling stm32f4xx_hal_flash_ramfunc.c...
compiling stm32f4xx_hal_dma_ex.c...
compiling croutine.c...
compiling stm32f4xx_hal_pwr.c...
compiling stm32f4xx_hal_flash.c...
compiling list.c...
compiling event_groups.c...
compiling stm32f4xx_hal_pwr_ex.c...
compiling stm32f4xx_hal_flash_ex.c...
compiling timers.c...
compiling stm32f4xx_hal_cortex.c...
compiling queue.c...
compiling stream_buffer.c...
compiling stm32f4xx_hal_gpio.c...
compiling heap_4.c...
compiling stm32f4xx_hal_exti.c...
compiling tasks.c...
compiling stm32f4xx_hal.c...
compiling port.c...
compiling cmsis_os.c...
compiling stm32f4xx_hal_spi.c...
compiling usbd_ioreq.c...
compiling usbd_cdc.c...
compiling system_stm32f4xx.c...
compiling usbd_desc.c...
compiling usbd_core.c...
compiling usbd_cdc_if.c...
compiling usbd_ctlreq.c...
compiling usb_device.c...
compiling usbd_conf.c...
compiling stm32f4xx_hal_uart.c...
linking...
Program Size: Code=26972 RO-data=568 RW-data=432 ZI-data=44544  
FromELF: creating hex file...
"sanlun_robomaster\sanlun_robomaster.axf" - 0 Error(s), 0 Warning(s).

<h2>Software Packages used:</h2>

Package Vendor: ARM
                http://www.keil.com/pack/ARM.CMSIS.5.0.1.pack
                ARM.CMSIS.5.0.1
                CMSIS (Cortex Microcontroller Software Interface Standard)
   * Component: CORE Version: 5.0.1

Package Vendor: Keil
                https://www.keil.com/pack/Keil.STM32F4xx_DFP.2.17.0.pack
                Keil.STM32F4xx_DFP.2.17.0
                STMicroelectronics STM32F4 Series Device Support, Drivers and Examples

<h2>Collection of Component include folders:</h2>
  .\RTE\_sanlun_robomaster
  D:\Keil_v5\ARM\PACK\ARM\CMSIS\5.0.1\CMSIS\Include
  D:\Keil_v5\ARM\PACK\Keil\STM32F4xx_DFP\2.17.0\Drivers\CMSIS\Device\ST\STM32F4xx\Include

<h2>Collection of Component Files used:</h2>

   * Component: ARM::CMSIS:CORE:5.0.1
Build Time Elapsed:  00:00:22
</pre>
</body>
</html>
